
> amis3-0@0.0.0 build
> tsc -b && vite build

src/App.tsx(39,13): error TS2322: Type '"dashboard" | "tenders" | "staffing" | "logistics" | "clinical" | "audit" | "projects" | "messaging" | "dms" | "ideation" | "shifts" | "admin"' is not assignable to type '"dashboard" | "tenders" | "staffing" | "logistics" | "clinical" | "audit" | "projects" | "messaging" | "dms" | "ideation" | "shifts"'.
  Type '"admin"' is not assignable to type '"dashboard" | "tenders" | "staffing" | "logistics" | "clinical" | "audit" | "projects" | "messaging" | "dms" | "ideation" | "shifts"'.
src/components/Layout.tsx(3,24): error TS6133: 'UserRole' is declared but its value is never read.
src/components/Layout.tsx(85,41): error TS2367: This comparison appears to be unintentional because the types '"dashboard" | "tenders" | "staffing" | "logistics" | "clinical" | "audit" | "projects" | "messaging" | "dms" | "ideation" | "shifts"' and '"admin"' have no overlap.
src/hooks/useAdminProfiles.ts(3,10): error TS1484: 'UserRole' is a type and must be imported using a type-only import when 'verbatimModuleSyntax' is enabled.
src/hooks/useAdminProfiles.ts(3,20): error TS1484: 'UserPermissions' is a type and must be imported using a type-only import when 'verbatimModuleSyntax' is enabled.
src/modules/admin/AdminModule.tsx(2,63): error TS6133: 'XCircle' is declared but its value is never read.
src/modules/admin/AdminModule.tsx(2,72): error TS6133: 'ChevronRight' is declared but its value is never read.
src/modules/admin/AdminModule.tsx(4,28): error TS1484: 'AdminProfile' is a type and must be imported using a type-only import when 'verbatimModuleSyntax' is enabled.
src/modules/admin/AdminModule.tsx(4,28): error TS6133: 'AdminProfile' is declared but its value is never read.
src/modules/admin/AdminModule.tsx(5,19): error TS1484: 'UserRole' is a type and must be imported using a type-only import when 'verbatimModuleSyntax' is enabled.
src/modules/admin/AdminModule.tsx(5,29): error TS1484: 'UserPermissions' is a type and must be imported using a type-only import when 'verbatimModuleSyntax' is enabled.
src/modules/admin/AdminModule.tsx(5,29): error TS6133: 'UserPermissions' is declared but its value is never read.
src/modules/admin/AdminModule.tsx(5,46): error TS1484: 'ModulePermission' is a type and must be imported using a type-only import when 'verbatimModuleSyntax' is enabled.
src/modules/admin/AdminModule.tsx(5,46): error TS6133: 'ModulePermission' is declared but its value is never read.
src/modules/admin/AdminModule.tsx(30,23): error TS6133: 'loading' is declared but its value is never read.
src/modules/admin/AdminModule.tsx(31,11): error TS6133: 'currentUser' is declared but its value is never read.
